// Jest Snapshot v1, https://goo.gl/fbAQLP

exports[`Header match the Header snapshot 1`] = `
<header
  className="sc-bxivhb gwefrW"
>
  <nav
    className="sc-ifAKCX eYlISq"
  >
    <div
      className="sc-bwzfXH gzCqZe"
      onClick={[Function]}
    >
      <img
        src="btnNavMobile.svg"
      />
    </div>
    <a
      href="/"
      onClick={[Function]}
    >
      <div
        className="sc-EHOje gefODq"
      >
        Logo
      </div>
    </a>
    <ul
      className="sc-bZQynM jYZVnb"
    >
      <a
        href="/"
        onClick={[Function]}
      >
        <li>
          Accueil
        </li>
      </a>
      <a
        href="/games"
        onClick={[Function]}
      >
        <li>
          Jeux
        </li>
      </a>
      <a
        href="/members"
        onClick={[Function]}
      >
        <li>
          membres
        </li>
      </a>
      <a
        href="/mygames"
        onClick={[Function]}
      >
        <li>
          mes jeux
        </li>
      </a>
    </ul>
    <ul
      className="sc-bdVaJa cqVyzt"
    >
      <a
        href="/signup"
        onClick={[Function]}
      >
        <li>
          Inscription
        </li>
      </a>
      <a
        href="/signin"
        onClick={[Function]}
      >
        <li>
          Connexion
        </li>
      </a>
    </ul>
  </nav>
</header>
`;
