// Jest Snapshot v1, https://goo.gl/fbAQLP

exports[`match the snapshot 1`] = `
Array [
  <header
    className="sc-bwzfXH fcWfTy"
>
    <nav
        className="sc-htpNat ljNRKX"
    >
        <a
            href="/"
            onClick={[Function]}
        >
            <div
                className="sc-bxivhb oNkbj"
            >
                Logo
            </div>
        </a>
        <ul
            className="sc-ifAKCX eRcwmR"
        >
            <a
                href="/"
                onClick={[Function]}
            >
                <li>
                    Accueil
                </li>
            </a>
            <a
                href="/games"
                onClick={[Function]}
            >
                <li>
                    Jeux
                </li>
            </a>
            <a
                href="/members"
                onClick={[Function]}
            >
                <li>
                    membres
                </li>
            </a>
            <a
                href="/mygames"
                onClick={[Function]}
            >
                <li>
                    mes jeux
                </li>
            </a>
        </ul>
        <ul
            className="sc-bdVaJa eEQXFw"
        >
            <a
                href="/signup"
                onClick={[Function]}
            >
                <li>
                    Inscription
                </li>
            </a>
            <a
                href="/signin"
                onClick={[Function]}
            >
                <li>
                    Connexion
                </li>
            </a>
        </ul>
    </nav>
</header>,
  <p>
    Loading
</p>,
]
`;
